error[E0308]: mismatched types
  --> tests/ui-nightly/transmute-ref-src-not-a-reference.rs:17:49
   |
17 | const SRC_NOT_A_REFERENCE: &u8 = transmute_ref!(0usize);
   |                                  ---------------^^^^^^-
   |                                  |              |
   |                                  |              expected `&_`, found `usize`
   |                                  expected due to this
   |
   = note: expected reference `&_`
                   found type `usize`
help: consider borrowing here
   |
17 | const SRC_NOT_A_REFERENCE: &u8 = transmute_ref!(&0usize);
   |                                                 +

error: never type fallback affects this call to an `unsafe` function
  --> tests/ui-nightly/transmute-ref-src-not-a-reference.rs:17:34
   |
17 | const SRC_NOT_A_REFERENCE: &u8 = transmute_ref!(0usize);
   |                                  ^^^^^^^^^^^^^^^^^^^^^^
   |
   = warning: this will change its meaning in a future release!
   = note: for more information, see issue #123748 <https://github.com/rust-lang/rust/issues/123748>
   = help: specify the type explicitly
note: the lint level is defined here
  --> tests/ui-nightly/transmute-ref-src-not-a-reference.rs:17:34
   |
17 | const SRC_NOT_A_REFERENCE: &u8 = transmute_ref!(0usize);
   |                                  ^^^^^^^^^^^^^^^^^^^^^^
   = note: this error originates in the macro `$crate::unsafe_assert_size_eq` which comes from the expansion of the macro `transmute_ref` (in Nightly builds, run with -Z macro-backtrace for more info)

error: never type fallback affects this call to an `unsafe` function
  --> tests/ui-nightly/transmute-ref-src-not-a-reference.rs:17:34
   |
17 | const SRC_NOT_A_REFERENCE: &u8 = transmute_ref!(0usize);
   |                                  ^^^^^^^^^^^^^^^^^^^^^^
   |
   = warning: this will change its meaning in a future release!
   = note: for more information, see issue #123748 <https://github.com/rust-lang/rust/issues/123748>
   = help: specify the type explicitly
   = note: this error originates in the macro `transmute_ref` (in Nightly builds, run with -Z macro-backtrace for more info)
